[I 2024-07-24 22:34:26.081 ServerApp] jupyterlab | extension was successfully linked.
[I 2024-07-24 22:34:26.097 ServerApp] nbclassic | extension was successfully linked.
[I 2024-07-24 22:34:26.767 ServerApp] notebook_shim | extension was successfully linked.
[I 2024-07-24 22:34:26.835 ServerApp] notebook_shim | extension was successfully loaded.
[I 2024-07-24 22:34:26.837 LabApp] JupyterLab extension loaded from /usr/local/lib/python3.10/site-packages/jupyterlab
[I 2024-07-24 22:34:26.837 LabApp] JupyterLab application directory is /usr/local/share/jupyter/lab
[I 2024-07-24 22:34:26.843 ServerApp] jupyterlab | extension was successfully loaded.
[I 2024-07-24 22:34:26.852 ServerApp] nbclassic | extension was successfully loaded.
[I 2024-07-24 22:34:26.853 ServerApp] Serving notebooks from local directory: /Users/liuda/Library/CloudStorage/Dropbox/shareit/code/code-dev/test/python/jupter
[I 2024-07-24 22:34:26.853 ServerApp] Jupyter Server 1.13.5 is running at:
[I 2024-07-24 22:34:26.853 ServerApp] http://localhost:8888/lab?token=0a749ad043ba37d3a32fee192b87ab54640c1058159f8e0c
[I 2024-07-24 22:34:26.853 ServerApp]  or http://127.0.0.1:8888/lab?token=0a749ad043ba37d3a32fee192b87ab54640c1058159f8e0c
[I 2024-07-24 22:34:26.853 ServerApp] Use Control-C to stop this server and shut down all kernels (twice to skip confirmation).
[C 2024-07-24 22:34:26.880 ServerApp] 
    
    To access the server, open this file in a browser:
        file:///Users/liuda/Library/Jupyter/runtime/jpserver-95474-open.html
    Or copy and paste one of these URLs:
        http://localhost:8888/lab?token=0a749ad043ba37d3a32fee192b87ab54640c1058159f8e0c
     or http://127.0.0.1:8888/lab?token=0a749ad043ba37d3a32fee192b87ab54640c1058159f8e0c
[W 2024-07-24 22:34:27.914 ServerApp] 404 GET /api/kernels/18c70115-c8f5-4f5c-b89a-17c02b3cb727?1721831667905 (::1): Kernel does not exist: 18c70115-c8f5-4f5c-b89a-17c02b3cb727
[W 2024-07-24 22:34:27.914 ServerApp] Kernel does not exist: 18c70115-c8f5-4f5c-b89a-17c02b3cb727
[W 2024-07-24 22:34:27.915 ServerApp] 404 GET /api/kernels/18c70115-c8f5-4f5c-b89a-17c02b3cb727?1721831667905 (::1) 2.98ms referer=http://localhost:8888/lab
[W 2024-07-24 22:34:28.910 ServerApp] 404 GET /api/kernels/18c70115-c8f5-4f5c-b89a-17c02b3cb727/channels?session_id=4d3bab7f-2034-4ce5-974d-503c3694f926 (::1): Kernel does not exist: 18c70115-c8f5-4f5c-b89a-17c02b3cb727
[W 2024-07-24 22:34:28.942 ServerApp] 404 GET /api/kernels/18c70115-c8f5-4f5c-b89a-17c02b3cb727/channels?session_id=4d3bab7f-2034-4ce5-974d-503c3694f926 (::1) 34.93ms referer=None
[W 2024-07-24 22:34:28.952 ServerApp] 404 GET /api/kernels/18c70115-c8f5-4f5c-b89a-17c02b3cb727?1721831668942 (::1): Kernel does not exist: 18c70115-c8f5-4f5c-b89a-17c02b3cb727
[W 2024-07-24 22:34:28.953 ServerApp] Kernel does not exist: 18c70115-c8f5-4f5c-b89a-17c02b3cb727
[W 2024-07-24 22:34:28.953 ServerApp] 404 GET /api/kernels/18c70115-c8f5-4f5c-b89a-17c02b3cb727?1721831668942 (::1) 1.84ms referer=http://localhost:8888/lab
[W 2024-07-24 22:34:30.937 ServerApp] 404 GET /api/kernels/18c70115-c8f5-4f5c-b89a-17c02b3cb727/channels?session_id=4d3bab7f-2034-4ce5-974d-503c3694f926 (::1): Kernel does not exist: 18c70115-c8f5-4f5c-b89a-17c02b3cb727
[W 2024-07-24 22:34:30.942 ServerApp] 404 GET /api/kernels/18c70115-c8f5-4f5c-b89a-17c02b3cb727/channels?session_id=4d3bab7f-2034-4ce5-974d-503c3694f926 (::1) 10.91ms referer=None
[W 2024-07-24 22:34:30.976 ServerApp] 404 GET /api/kernels/18c70115-c8f5-4f5c-b89a-17c02b3cb727?1721831670942 (::1): Kernel does not exist: 18c70115-c8f5-4f5c-b89a-17c02b3cb727
[W 2024-07-24 22:34:30.976 ServerApp] Kernel does not exist: 18c70115-c8f5-4f5c-b89a-17c02b3cb727
[W 2024-07-24 22:34:30.977 ServerApp] 404 GET /api/kernels/18c70115-c8f5-4f5c-b89a-17c02b3cb727?1721831670942 (::1) 14.72ms referer=http://localhost:8888/lab
[W 2024-07-24 22:34:32.361 ServerApp] 404 GET /api/kernels/18c70115-c8f5-4f5c-b89a-17c02b3cb727/channels?session_id=4d3bab7f-2034-4ce5-974d-503c3694f926 (::1): Kernel does not exist: 18c70115-c8f5-4f5c-b89a-17c02b3cb727
[W 2024-07-24 22:34:32.363 ServerApp] 404 GET /api/kernels/18c70115-c8f5-4f5c-b89a-17c02b3cb727/channels?session_id=4d3bab7f-2034-4ce5-974d-503c3694f926 (::1) 3.28ms referer=None
[W 2024-07-24 22:34:32.367 ServerApp] 404 GET /api/kernels/18c70115-c8f5-4f5c-b89a-17c02b3cb727?1721831672363 (::1): Kernel does not exist: 18c70115-c8f5-4f5c-b89a-17c02b3cb727
[W 2024-07-24 22:34:32.368 ServerApp] Kernel does not exist: 18c70115-c8f5-4f5c-b89a-17c02b3cb727
[W 2024-07-24 22:34:32.368 ServerApp] 404 GET /api/kernels/18c70115-c8f5-4f5c-b89a-17c02b3cb727?1721831672363 (::1) 1.43ms referer=http://localhost:8888/lab
[I 2024-07-24 22:34:33.544 LabApp] Build is up to date
[I 2024-07-24 22:36:24.167 ServerApp] New terminal with automatic name: 1
TermSocket.open: 1
TermSocket.open: Opened 1
[I 2024-07-24 23:14:17.796 ServerApp] interrupted
Serving notebooks from local directory: /Users/liuda/Library/CloudStorage/Dropbox/shareit/code/code-dev/test/python/jupter
0 active kernels
Jupyter Server 1.13.5 is running at:
http://localhost:8888/lab?token=0a749ad043ba37d3a32fee192b87ab54640c1058159f8e0c
 or http://127.0.0.1:8888/lab?token=0a749ad043ba37d3a32fee192b87ab54640c1058159f8e0c
Shutdown this Jupyter server (y/[n])? [C 2024-07-24 23:14:17.998 ServerApp] received signal 2, stopping
[I 2024-07-24 23:14:18.009 ServerApp] Shutting down 3 extensions
[I 2024-07-24 23:14:18.010 ServerApp] Shutting down 0 kernels
[I 2024-07-24 23:14:18.011 ServerApp] Shutting down 1 terminal
[I 2024-07-24 23:14:18.014 ServerApp] EOF on FD 21; stopping reading
[I 2024-07-24 23:14:18.118 ServerApp] Terminal 1 closed
Websocket closed
[I 2024-08-09 15:56:57.619 ServerApp] jupyterlab | extension was successfully linked.
[I 2024-08-09 15:56:58.653 LabApp] JupyterLab extension loaded from /opt/homebrew/lib/python3.10/site-packages/jupyterlab
[I 2024-08-09 15:56:58.653 LabApp] JupyterLab application directory is /opt/homebrew/Cellar/python@3.10/3.10.14/Frameworks/Python.framework/Versions/3.10/share/jupyter/lab
[I 2024-08-09 15:56:58.653 LabApp] Extension Manager is 'pypi'.
[I 2024-08-09 15:56:58.663 ServerApp] jupyterlab | extension was successfully loaded.
[I 2024-08-09 15:56:58.664 ServerApp] Serving notebooks from local directory: /Users/liuda/Library/CloudStorage/Dropbox/shareit/code/code-dev/test/python/jupter
[I 2024-08-09 15:56:58.664 ServerApp] Jupyter Server 2.14.1 is running at:
[I 2024-08-09 15:56:58.664 ServerApp] http://localhost:8888/lab?token=fbd227922a5384e5856672c0bfd3b8fd1e314db6d9057be7
[I 2024-08-09 15:56:58.664 ServerApp]     http://127.0.0.1:8888/lab?token=fbd227922a5384e5856672c0bfd3b8fd1e314db6d9057be7
[I 2024-08-09 15:56:58.664 ServerApp] Use Control-C to stop this server and shut down all kernels (twice to skip confirmation).
[C 2024-08-09 15:56:58.667 ServerApp] 
    
    To access the server, open this file in a browser:
        file:///Users/liuda/Library/Jupyter/runtime/jpserver-59486-open.html
    Or copy and paste one of these URLs:
        http://localhost:8888/lab?token=fbd227922a5384e5856672c0bfd3b8fd1e314db6d9057be7
        http://127.0.0.1:8888/lab?token=fbd227922a5384e5856672c0bfd3b8fd1e314db6d9057be7
[W 2024-08-09 15:57:00.394 ServerApp] 404 GET /lsp/status?1723190220382 (2d601a6c42c5452aa986971b6f62fce7@::1) 10.57ms referer=http://localhost:8888/lab
[I 2024-08-09 15:57:00.886 LabApp] Build is up to date
[I 2024-08-09 15:57:01.133 ServerApp] Kernel started: b94fb902-4877-41e1-a04a-66cd1bd09375
[I 2024-08-09 15:57:01.459 ServerApp] Connecting to kernel b94fb902-4877-41e1-a04a-66cd1bd09375.
[I 2024-08-09 15:57:01.460 ServerApp] Connecting to kernel b94fb902-4877-41e1-a04a-66cd1bd09375.
[I 2024-08-09 15:57:01.472 ServerApp] Connecting to kernel b94fb902-4877-41e1-a04a-66cd1bd09375.
[W 2024-08-09 15:57:01.478 ServerApp] Got events for closed stream <zmq.eventloop.zmqstream.ZMQStream object at 0x104b8c6a0>
[I 2024-08-09 15:57:15.444 ServerApp] Creating new notebook in 
[I 2024-08-09 15:57:15.568 ServerApp] Kernel started: 436de7d0-1c3e-4eb5-a680-0df078d2159a
[I 2024-08-09 15:57:15.911 ServerApp] Connecting to kernel 436de7d0-1c3e-4eb5-a680-0df078d2159a.
[W 2024-08-09 15:59:00.687 ServerApp] 404 GET /api/contents/opt/homebrew/lib/python3.10/site-packages/yfinance/base.py?content=0&hash=0&1723190340685 (2d601a6c42c5452aa986971b6f62fce7@::1) 0.83ms referer=http://localhost:8888/lab/tree/Untitled.ipynb
[W 2024-08-09 15:59:00.688 ServerApp] 404 GET /api/contents/opt/homebrew/lib/python3.10/site-packages/yfinance/base.py?content=0&hash=0&1723190340685 (::1): No such file or directory: opt/homebrew/lib/python3.10/site-packages/yfinance/base.py
[W 2024-08-09 15:59:00.694 ServerApp] 404 GET /api/contents/opt/homebrew/lib/python3.10/site-packages/yfinance/scrapers/fundamentals.py?content=0&hash=0&1723190340691 (2d601a6c42c5452aa986971b6f62fce7@::1) 0.71ms referer=http://localhost:8888/lab/tree/Untitled.ipynb
[W 2024-08-09 15:59:00.694 ServerApp] 404 GET /api/contents/opt/homebrew/lib/python3.10/site-packages/yfinance/scrapers/fundamentals.py?content=0&hash=0&1723190340691 (::1): No such file or directory: opt/homebrew/lib/python3.10/site-packages/yfinance/scrapers/fundamentals.py
[I 2024-08-09 15:59:00.955 ServerApp] Saving file at /pandas_test.ipynb
[I 2024-08-09 15:59:15.542 ServerApp] Saving file at /Untitled.ipynb
[W 2024-08-09 16:00:05.603 ServerApp] 404 GET /api/contents/opt/homebrew/lib/python3.10/site-packages/yfinance/base.py?content=0&hash=0&1723190405600 (2d601a6c42c5452aa986971b6f62fce7@::1) 1.93ms referer=http://localhost:8888/lab/tree/Untitled.ipynb
[W 2024-08-09 16:00:05.604 ServerApp] 404 GET /api/contents/opt/homebrew/lib/python3.10/site-packages/yfinance/base.py?content=0&hash=0&1723190405600 (::1): No such file or directory: opt/homebrew/lib/python3.10/site-packages/yfinance/base.py
[W 2024-08-09 16:00:05.611 ServerApp] 404 GET /api/contents/opt/homebrew/lib/python3.10/site-packages/yfinance/scrapers/fundamentals.py?content=0&hash=0&1723190405609 (2d601a6c42c5452aa986971b6f62fce7@::1) 0.80ms referer=http://localhost:8888/lab/tree/Untitled.ipynb
[W 2024-08-09 16:00:05.611 ServerApp] 404 GET /api/contents/opt/homebrew/lib/python3.10/site-packages/yfinance/scrapers/fundamentals.py?content=0&hash=0&1723190405609 (::1): No such file or directory: opt/homebrew/lib/python3.10/site-packages/yfinance/scrapers/fundamentals.py
[W 2024-08-09 16:00:54.809 ServerApp] 404 GET /api/contents/opt/homebrew/lib/python3.10/site-packages/yfinance/base.py?content=0&hash=0&1723190454807 (2d601a6c42c5452aa986971b6f62fce7@::1) 0.69ms referer=http://localhost:8888/lab/tree/Untitled.ipynb
[W 2024-08-09 16:00:54.810 ServerApp] 404 GET /api/contents/opt/homebrew/lib/python3.10/site-packages/yfinance/base.py?content=0&hash=0&1723190454807 (::1): No such file or directory: opt/homebrew/lib/python3.10/site-packages/yfinance/base.py
[W 2024-08-09 16:00:54.818 ServerApp] 404 GET /api/contents/opt/homebrew/lib/python3.10/site-packages/yfinance/scrapers/fundamentals.py?content=0&hash=0&1723190454816 (2d601a6c42c5452aa986971b6f62fce7@::1) 0.80ms referer=http://localhost:8888/lab/tree/Untitled.ipynb
[W 2024-08-09 16:00:54.818 ServerApp] 404 GET /api/contents/opt/homebrew/lib/python3.10/site-packages/yfinance/scrapers/fundamentals.py?content=0&hash=0&1723190454816 (::1): No such file or directory: opt/homebrew/lib/python3.10/site-packages/yfinance/scrapers/fundamentals.py
[I 2024-08-09 16:01:15.588 ServerApp] Saving file at /Untitled.ipynb
[W 2024-08-09 16:01:23.198 ServerApp] 404 GET /api/contents/opt/homebrew/lib/python3.10/site-packages/yfinance/base.py?content=0&hash=0&1723190483187 (2d601a6c42c5452aa986971b6f62fce7@::1) 5.14ms referer=http://localhost:8888/lab/tree/Untitled.ipynb
[W 2024-08-09 16:01:23.198 ServerApp] 404 GET /api/contents/opt/homebrew/lib/python3.10/site-packages/yfinance/base.py?content=0&hash=0&1723190483187 (::1): No such file or directory: opt/homebrew/lib/python3.10/site-packages/yfinance/base.py
[W 2024-08-09 16:01:23.211 ServerApp] 404 GET /api/contents/opt/homebrew/lib/python3.10/site-packages/yfinance/scrapers/fundamentals.py?content=0&hash=0&1723190483208 (2d601a6c42c5452aa986971b6f62fce7@::1) 1.03ms referer=http://localhost:8888/lab/tree/Untitled.ipynb
[W 2024-08-09 16:01:23.211 ServerApp] 404 GET /api/contents/opt/homebrew/lib/python3.10/site-packages/yfinance/scrapers/fundamentals.py?content=0&hash=0&1723190483208 (::1): No such file or directory: opt/homebrew/lib/python3.10/site-packages/yfinance/scrapers/fundamentals.py
[I 2024-08-09 16:03:15.640 ServerApp] Saving file at /Untitled.ipynb
[W 2024-08-09 16:08:00.807 ServerApp] 404 GET /api/contents/opt/homebrew/lib/python3.10/site-packages/yfinance/ticker.py?content=0&hash=0&1723190880803 (2d601a6c42c5452aa986971b6f62fce7@::1) 1.56ms referer=http://localhost:8888/lab/tree/Untitled.ipynb
[W 2024-08-09 16:08:00.807 ServerApp] 404 GET /api/contents/opt/homebrew/lib/python3.10/site-packages/yfinance/ticker.py?content=0&hash=0&1723190880803 (::1): No such file or directory: opt/homebrew/lib/python3.10/site-packages/yfinance/ticker.py
[W 2024-08-09 16:08:00.809 ServerApp] 404 GET /api/contents/opt/homebrew/lib/python3.10/site-packages/yfinance/base.py?content=0&hash=0&1723190880808 (2d601a6c42c5452aa986971b6f62fce7@::1) 0.62ms referer=http://localhost:8888/lab/tree/Untitled.ipynb
[W 2024-08-09 16:08:00.810 ServerApp] 404 GET /api/contents/opt/homebrew/lib/python3.10/site-packages/yfinance/base.py?content=0&hash=0&1723190880808 (::1): No such file or directory: opt/homebrew/lib/python3.10/site-packages/yfinance/base.py
[W 2024-08-09 16:08:00.813 ServerApp] 404 GET /api/contents/opt/homebrew/lib/python3.10/site-packages/yfinance/scrapers/fundamentals.py?content=0&hash=0&1723190880810 (2d601a6c42c5452aa986971b6f62fce7@::1) 1.49ms referer=http://localhost:8888/lab/tree/Untitled.ipynb
[W 2024-08-09 16:08:00.813 ServerApp] 404 GET /api/contents/opt/homebrew/lib/python3.10/site-packages/yfinance/scrapers/fundamentals.py?content=0&hash=0&1723190880810 (::1): No such file or directory: opt/homebrew/lib/python3.10/site-packages/yfinance/scrapers/fundamentals.py
[W 2024-08-09 16:08:32.374 ServerApp] 404 GET /api/contents/opt/homebrew/lib/python3.10/site-packages/yfinance/ticker.py?content=0&hash=0&1723190912371 (2d601a6c42c5452aa986971b6f62fce7@::1) 0.85ms referer=http://localhost:8888/lab/tree/Untitled.ipynb
[W 2024-08-09 16:08:32.375 ServerApp] 404 GET /api/contents/opt/homebrew/lib/python3.10/site-packages/yfinance/ticker.py?content=0&hash=0&1723190912371 (::1): No such file or directory: opt/homebrew/lib/python3.10/site-packages/yfinance/ticker.py
[W 2024-08-09 16:08:32.384 ServerApp] 404 GET /api/contents/opt/homebrew/lib/python3.10/site-packages/yfinance/base.py?content=0&hash=0&1723190912380 (2d601a6c42c5452aa986971b6f62fce7@::1) 1.44ms referer=http://localhost:8888/lab/tree/Untitled.ipynb
[W 2024-08-09 16:08:32.384 ServerApp] 404 GET /api/contents/opt/homebrew/lib/python3.10/site-packages/yfinance/base.py?content=0&hash=0&1723190912380 (::1): No such file or directory: opt/homebrew/lib/python3.10/site-packages/yfinance/base.py
[W 2024-08-09 16:08:32.389 ServerApp] 404 GET /api/contents/opt/homebrew/lib/python3.10/site-packages/yfinance/scrapers/fundamentals.py?content=0&hash=0&1723190912385 (2d601a6c42c5452aa986971b6f62fce7@::1) 0.92ms referer=http://localhost:8888/lab/tree/Untitled.ipynb
[W 2024-08-09 16:08:32.390 ServerApp] 404 GET /api/contents/opt/homebrew/lib/python3.10/site-packages/yfinance/scrapers/fundamentals.py?content=0&hash=0&1723190912385 (::1): No such file or directory: opt/homebrew/lib/python3.10/site-packages/yfinance/scrapers/fundamentals.py
[W 2024-08-09 16:08:37.161 ServerApp] 404 GET /api/contents/opt/homebrew/lib/python3.10/site-packages/yfinance/ticker.py?content=0&hash=0&1723190917158 (2d601a6c42c5452aa986971b6f62fce7@::1) 0.70ms referer=http://localhost:8888/lab/tree/Untitled.ipynb
[W 2024-08-09 16:08:37.161 ServerApp] 404 GET /api/contents/opt/homebrew/lib/python3.10/site-packages/yfinance/ticker.py?content=0&hash=0&1723190917158 (::1): No such file or directory: opt/homebrew/lib/python3.10/site-packages/yfinance/ticker.py
[W 2024-08-09 16:08:37.165 ServerApp] 404 GET /api/contents/opt/homebrew/lib/python3.10/site-packages/yfinance/base.py?content=0&hash=0&1723190917163 (2d601a6c42c5452aa986971b6f62fce7@::1) 1.03ms referer=http://localhost:8888/lab/tree/Untitled.ipynb
[W 2024-08-09 16:08:37.165 ServerApp] 404 GET /api/contents/opt/homebrew/lib/python3.10/site-packages/yfinance/base.py?content=0&hash=0&1723190917163 (::1): No such file or directory: opt/homebrew/lib/python3.10/site-packages/yfinance/base.py
[W 2024-08-09 16:08:37.170 ServerApp] 404 GET /api/contents/opt/homebrew/lib/python3.10/site-packages/yfinance/scrapers/fundamentals.py?content=0&hash=0&1723190917168 (2d601a6c42c5452aa986971b6f62fce7@::1) 0.58ms referer=http://localhost:8888/lab/tree/Untitled.ipynb
[W 2024-08-09 16:08:37.170 ServerApp] 404 GET /api/contents/opt/homebrew/lib/python3.10/site-packages/yfinance/scrapers/fundamentals.py?content=0&hash=0&1723190917168 (::1): No such file or directory: opt/homebrew/lib/python3.10/site-packages/yfinance/scrapers/fundamentals.py
[I 2024-08-09 16:09:18.632 ServerApp] Saving file at /Untitled.ipynb
[I 2024-08-09 16:11:18.675 ServerApp] Saving file at /Untitled.ipynb
[I 2024-08-09 16:13:19.622 ServerApp] Saving file at /Untitled.ipynb
[I 2024-08-09 16:15:20.638 ServerApp] Saving file at /Untitled.ipynb
[I 2024-08-09 16:17:20.658 ServerApp] Saving file at /Untitled.ipynb
[I 2024-08-09 16:19:21.621 ServerApp] Saving file at /Untitled.ipynb
[I 2024-08-09 16:25:23.629 ServerApp] Saving file at /Untitled.ipynb
[W 2024-08-09 16:27:20.884 ServerApp] 404 GET /api/contents/Users/liuda/Desktop/1.json?content=0&hash=0&1723192040863 (2d601a6c42c5452aa986971b6f62fce7@::1) 1.42ms referer=http://localhost:8888/lab/tree/Untitled.ipynb
[W 2024-08-09 16:27:20.887 ServerApp] 404 GET /api/contents/Users/liuda/Desktop/1.json?content=0&hash=0&1723192040863 (::1): No such file or directory: Users/liuda/Desktop/1.json
[I 2024-08-09 16:27:23.697 ServerApp] Saving file at /Untitled.ipynb
[W 2024-08-09 16:27:33.022 ServerApp] 404 GET /api/contents/Users/liuda/Desktop/1.json?content=0&hash=0&1723192053018 (2d601a6c42c5452aa986971b6f62fce7@::1) 1.85ms referer=http://localhost:8888/lab/tree/Untitled.ipynb
[W 2024-08-09 16:27:33.023 ServerApp] 404 GET /api/contents/Users/liuda/Desktop/1.json?content=0&hash=0&1723192053018 (::1): No such file or directory: Users/liuda/Desktop/1.json
[W 2024-08-09 16:27:33.032 ServerApp] 404 GET /api/contents/opt/homebrew/lib/python3.10/site-packages/IPython/core/interactiveshell.py?content=0&hash=0&1723192053027 (2d601a6c42c5452aa986971b6f62fce7@::1) 0.87ms referer=http://localhost:8888/lab/tree/Untitled.ipynb
[W 2024-08-09 16:27:33.036 ServerApp] 404 GET /api/contents/opt/homebrew/lib/python3.10/site-packages/IPython/core/interactiveshell.py?content=0&hash=0&1723192053027 (::1): No such file or directory: opt/homebrew/lib/python3.10/site-packages/IPython/core/interactiveshell.py
[W 2024-08-09 16:27:33.040 ServerApp] 404 GET /api/contents/Users/liuda/Desktop/1.json?content=0&hash=0&1723192053033 (2d601a6c42c5452aa986971b6f62fce7@::1) 3.97ms referer=http://localhost:8888/lab/tree/Untitled.ipynb
[W 2024-08-09 16:27:33.040 ServerApp] 404 GET /api/contents/Users/liuda/Desktop/1.json?content=0&hash=0&1723192053033 (::1): No such file or directory: Users/liuda/Desktop/1.json
[I 2024-08-09 16:29:24.669 ServerApp] Saving file at /Untitled.ipynb
[I 2024-08-09 16:43:43.687 ServerApp] Saving file at /Untitled.ipynb
[I 2024-08-09 16:45:44.689 ServerApp] Saving file at /Untitled.ipynb
[I 2024-08-09 16:49:45.698 ServerApp] Saving file at /Untitled.ipynb
[I 2024-08-09 17:39:31.169 ServerApp] Saving file at /pandas_test.ipynb
[I 2024-08-09 17:39:31.996 ServerApp] Starting buffering for b94fb902-4877-41e1-a04a-66cd1bd09375:f7555798-b65d-4c56-9a1e-250538577483
[I 2024-08-09 17:39:32.923 ServerApp] Starting buffering for 436de7d0-1c3e-4eb5-a680-0df078d2159a:ef021ea8-a3c4-44f2-8e27-31880c31212b
[I 2024-08-09 17:39:36.135 ServerApp] Kernel started: 921d8e0d-219b-4e8e-b06f-9ffa45793a61
[I 2024-08-09 17:39:36.601 ServerApp] Connecting to kernel 921d8e0d-219b-4e8e-b06f-9ffa45793a61.
[I 2024-08-09 17:39:40.304 ServerApp] Starting buffering for 921d8e0d-219b-4e8e-b06f-9ffa45793a61:de8e99eb-668b-440a-a25b-a9b15ffe1c61
